{"blocks":[{"text":{"text":"Scan \u003cdone\u003e \u0026 ok","type":"plain_text"},"type":"header"},{"text":{"text":"All *good* \u0026lt;@U1\u0026gt;","type":"mrkdwn"},"type":"section"},{"elements":[{"text":"Event `scan.completed` · `event-1`","type":"mrkdwn"}],"type":"context"}],"text":"Scan \u003cdone\u003e \u0026 ok"}