{"blocks":[{"text":{"emoji":false,"text":"Scan \u003cdone\u003e \u0026 ok","type":"plain_text"},"type":"header"},{"elements":[{"elements":[{"text":"All *good* \u003c@U1\u003e","type":"text"}],"type":"rich_text_section"}],"type":"rich_text"},{"elements":[{"elements":[{"text":"Event scan.completed · event-1","type":"text"}],"type":"rich_text_section"}],"type":"rich_text"}],"text":"Scan \u0026lt;done\u0026gt; \u0026amp; ok","unfurl_links":false,"unfurl_media":false}